// Jest Snapshot v1, https://goo.gl/fbAQLP

exports[`Testing Header component Snapshot testing of Header component 1`] = `
<div
  className="headerContainer"
/>
`;
