// Jest Snapshot v1, https://goo.gl/fbAQLP

exports[`Testing App component Snapshot testing of App component 1`] = `
<div
  className="app"
>
  <ErrorBoundaries>
    <div
      className="mainContainer"
    >
      <Spinner />
    </div>
  </ErrorBoundaries>
</div>
`;
